../Core/Src/main.c:104:6:HAL_ADC_ConvCpltCallback	16	static
../Core/Src/main.c:111:6:HAL_TIM_PeriodElapsedCallback	16	static
../Core/Src/main.c:198:7:character_move	8	static
../Core/Src/main.c:209:7:Lower_Block_creator	8	static
../Core/Src/main.c:286:7:Upper_Block_creator	8	static
../Core/Src/main.c:360:7:Block_creator_Bonus	16	static
../Core/Src/main.c:447:7:shoot	8	static
../Core/Src/main.c:468:6:main	8	static
../Core/Src/main.c:594:7:SystemClock_Config	88	static
../Core/Src/main.c:639:14:MX_ADC1_Init	24	static
../Core/Src/main.c:688:14:MX_I2C1_Init	8	static
../Core/Src/main.c:720:14:MX_TIM10_Init	8	static
../Core/Src/main.c:749:14:MX_USART2_UART_Init	8	static
../Core/Src/main.c:780:14:MX_GPIO_Init	48	static
../Core/Src/main.c:829:7:Error_Handler	4	static,ignoring_inline_asm
